
> medical-companion-pwa@2.0.0 build
> vite build

[36mvite v7.3.1 [32mbuilding client environment for production...[36m[39m
transforming...
[32m✓[39m 2466 modules transformed.
rendering chunks...
[33m[plugin vite:reporter] 
(!) C:/Users/cchen362/OneDrive/Desktop/medical-companion-pwa/src/services/findings.service.ts is dynamically imported by C:/Users/cchen362/OneDrive/Desktop/medical-companion-pwa/src/services/chat.service.ts, C:/Users/cchen362/OneDrive/Desktop/medical-companion-pwa/src/services/chat.service.ts but also statically imported by C:/Users/cchen362/OneDrive/Desktop/medical-companion-pwa/src/components/ChatPanel.tsx, C:/Users/cchen362/OneDrive/Desktop/medical-companion-pwa/src/components/Dashboard.tsx, C:/Users/cchen362/OneDrive/Desktop/medical-companion-pwa/src/components/FindingsViewerProgressive.tsx, C:/Users/cchen362/OneDrive/Desktop/medical-companion-pwa/src/services/agentRunner.ts, C:/Users/cchen362/OneDrive/Desktop/medical-companion-pwa/src/services/digestQueue.service.ts, dynamic import will not move module into another chunk.
[39m
[33m[plugin vite:reporter] 
(!) C:/Users/cchen362/OneDrive/Desktop/medical-companion-pwa/src/stores/chatStore.ts is dynamically imported by C:/Users/cchen362/OneDrive/Desktop/medical-companion-pwa/src/services/chat.service.ts but also statically imported by C:/Users/cchen362/OneDrive/Desktop/medical-companion-pwa/src/components/ChatPanel.tsx, dynamic import will not move module into another chunk.
[39m
computing gzip size...
[2mdist/[22m[32mregisterSW.js                        [39m[1m[2m    0.13 kB[22m[1m[22m
[2mdist/[22m[32mmanifest.webmanifest                 [39m[1m[2m    0.50 kB[22m[1m[22m
[2mdist/[22m[32mindex.html                           [39m[1m[2m    0.62 kB[22m[1m[22m[2m │ gzip:   0.36 kB[22m
[2mdist/[22m[35massets/index-DQYcekGg.css            [39m[1m[2m   51.44 kB[22m[1m[22m[2m │ gzip:   8.85 kB[22m
[2mdist/[22m[36massets/chat.api.service-D1HtjVrs.js  [39m[1m[2m    1.76 kB[22m[1m[22m[2m │ gzip:   0.65 kB[22m
[2mdist/[22m[36massets/purify.es-Bzr520pe.js         [39m[1m[2m   22.45 kB[22m[1m[22m[2m │ gzip:   8.63 kB[22m
[2mdist/[22m[36massets/index.es-DMXUJyX4.js          [39m[1m[2m  158.55 kB[22m[1m[22m[2m │ gzip:  52.90 kB[22m
[2mdist/[22m[36massets/html2canvas.esm-DXEQVQnt.js   [39m[1m[2m  201.04 kB[22m[1m[22m[2m │ gzip:  47.43 kB[22m
[2mdist/[22m[36massets/index-BRJc2mUz.js             [39m[1m[33m1,396.48 kB[39m[22m[2m │ gzip: 438.61 kB[22m
[33m
(!) Some chunks are larger than 500 kB after minification. Consider:
- Using dynamic import() to code-split the application
- Use build.rollupOptions.output.manualChunks to improve chunking: https://rollupjs.org/configuration-options/#output-manualchunks
- Adjust chunk size limit for this warning via build.chunkSizeWarningLimit.[39m
[32m✓ built in 9.75s[39m

PWA v1.2.0
mode      generateSW
precache  11 entries (1789.52 KiB)
files generated
  dist/sw.js
  dist/workbox-3896e580.js
